
=== Grand Dunman Auto-Update ===
Time: 05/08/2026, 9:00:01 am

Fetching reference page...
Available Units: 79
Total Units: 79
Last Updated: 5 August 2026
Pricing entries: 4
  1 BEDROOM (LUXURY): 2 units, 581 - 581 sqft, $1,456,000 - $1,456,000
  1 BEDROOM + STUDY (LUXURY): 56 units, 549 - 710 sqft, $1,326,000 - $1,617,000
  5 BEDROOM (GRAND): 15 units, 2,131 - 2,217 sqft, $5,162,000 - $5,776,000
  PENTHOUSE (GRAND): 6 units, 2,336 - 2,756 sqft, $5,669,000 - $7,077,000

🔄 Changes detected! Updating page...
  ✅ Updated index.html
  Uploading to FTP...
  ✅ FTP upload successful!
  ✅ State saved.

🎉 Grand Dunman site updated successfully!
  Telegram notify: HTTP 200

=== Grand Dunman Auto-Update ===
Time: 06/08/2026, 9:00:03 am

Fetching reference page...
Available Units: 79
Total Units: 79
Last Updated: 6 August 2026
Pricing entries: 4
  1 BEDROOM (LUXURY): 2 units, 581 - 581 sqft, $1,456,000 - $1,456,000
  1 BEDROOM + STUDY (LUXURY): 56 units, 549 - 710 sqft, $1,326,000 - $1,617,000
  5 BEDROOM (GRAND): 15 units, 2,131 - 2,217 sqft, $5,162,000 - $5,776,000
  PENTHOUSE (GRAND): 6 units, 2,336 - 2,756 sqft, $5,669,000 - $7,077,000

🔄 No price changes, but Last Updated date changed (6 August 2026). Refreshing date...
  ✅ Updated index.html
  Uploading to FTP...
  ✅ FTP upload successful!
  ✅ State saved.

🎉 Grand Dunman site updated successfully!
  Telegram notify: HTTP 200

=== Grand Dunman Auto-Update ===
Time: 07/08/2026, 9:00:04 am

Fetching reference page...
⚠️  Fetch attempt 1/3 failed: The operation was aborted due to timeout. Retrying...
Available Units: 79
Total Units: 79
Last Updated: 7 August 2026
Pricing entries: 4
  1 BEDROOM (LUXURY): 2 units, 581 - 581 sqft, $1,456,000 - $1,456,000
  1 BEDROOM + STUDY (LUXURY): 56 units, 549 - 710 sqft, $1,326,000 - $1,617,000
  5 BEDROOM (GRAND): 15 units, 2,131 - 2,217 sqft, $5,162,000 - $5,776,000
  PENTHOUSE (GRAND): 6 units, 2,336 - 2,756 sqft, $5,669,000 - $7,077,000

🔄 No price changes, but Last Updated date changed (7 August 2026). Refreshing date...
  ✅ Updated index.html
  Uploading to FTP...
  ✅ FTP upload successful!
  ✅ State saved.

🎉 Grand Dunman site updated successfully!
  Telegram notify: HTTP 200

=== Grand Dunman Auto-Update ===
Time: 08/08/2026, 9:00:03 am

Fetching reference page...
Available Units: 79
Total Units: 79
Last Updated: 8 August 2026
Pricing entries: 4
  1 BEDROOM (LUXURY): 2 units, 581 - 581 sqft, $1,456,000 - $1,456,000
  1 BEDROOM + STUDY (LUXURY): 56 units, 549 - 710 sqft, $1,326,000 - $1,617,000
  5 BEDROOM (GRAND): 15 units, 2,131 - 2,217 sqft, $5,162,000 - $5,776,000
  PENTHOUSE (GRAND): 6 units, 2,336 - 2,756 sqft, $5,669,000 - $7,077,000

🔄 No price changes, but Last Updated date changed (8 August 2026). Refreshing date...
  ✅ Updated index.html
  Uploading to FTP...
  ✅ FTP upload successful!
  ✅ State saved.

🎉 Grand Dunman site updated successfully!
  Telegram notify: HTTP 200

=== Grand Dunman Auto-Update ===
Time: 09/08/2026, 9:00:03 am

Fetching reference page...
Available Units: 79
Total Units: 79
Last Updated: 9 August 2026
Pricing entries: 4
  1 BEDROOM (LUXURY): 2 units, 581 - 581 sqft, $1,456,000 - $1,456,000
  1 BEDROOM + STUDY (LUXURY): 56 units, 549 - 710 sqft, $1,326,000 - $1,617,000
  5 BEDROOM (GRAND): 15 units, 2,131 - 2,217 sqft, $5,162,000 - $5,776,000
  PENTHOUSE (GRAND): 6 units, 2,336 - 2,756 sqft, $5,669,000 - $7,077,000

🔄 No price changes, but Last Updated date changed (9 August 2026). Refreshing date...
  ✅ Updated index.html
  Uploading to FTP...
  ✅ FTP upload successful!
  ✅ State saved.

🎉 Grand Dunman site updated successfully!
  Telegram notify: HTTP 200

=== Grand Dunman Auto-Update ===
Time: 10/08/2026, 9:00:03 am

Fetching reference page...
Available Units: 79
Total Units: 79
Last Updated: 10 August 2026
Pricing entries: 4
  1 BEDROOM (LUXURY): 2 units, 581 - 581 sqft, $1,456,000 - $1,456,000
  1 BEDROOM + STUDY (LUXURY): 56 units, 549 - 710 sqft, $1,326,000 - $1,617,000
  5 BEDROOM (GRAND): 15 units, 2,131 - 2,217 sqft, $5,162,000 - $5,776,000
  PENTHOUSE (GRAND): 5 units, 2,379 - 2,756 sqft, $5,862,000 - $7,077,000

🔄 Changes detected! Updating page...
  ✅ Updated index.html
  Uploading to FTP...
  ✅ FTP upload successful!
  ✅ State saved.

🎉 Grand Dunman site updated successfully!
  Telegram notify: HTTP 200

=== Grand Dunman Auto-Update ===
Time: 11/08/2026, 9:00:02 am

Fetching reference page...
Available Units: 78
Total Units: 78
Last Updated: 11 August 2026
Pricing entries: 4
  1 BEDROOM (LUXURY): 2 units, 581 - 581 sqft, $1,456,000 - $1,456,000
  1 BEDROOM + STUDY (LUXURY): 56 units, 549 - 710 sqft, $1,326,000 - $1,617,000
  5 BEDROOM (GRAND): 15 units, 2,131 - 2,217 sqft, $5,162,000 - $5,776,000
  PENTHOUSE (GRAND): 5 units, 2,379 - 2,756 sqft, $5,862,000 - $7,077,000

🔄 Changes detected! Updating page...
  ✅ Updated index.html
  Uploading to FTP...
  ✅ FTP upload successful!
  ✅ State saved.

🎉 Grand Dunman site updated successfully!
  Telegram notify: HTTP 200

=== Grand Dunman Auto-Update ===
Time: 12/08/2026, 9:00:02 am

Fetching reference page...
Available Units: 78
Total Units: 78
Last Updated: 12 August 2026
Pricing entries: 4
  1 BEDROOM (LUXURY): 2 units, 581 - 581 sqft, $1,456,000 - $1,456,000
  1 BEDROOM + STUDY (LUXURY): 56 units, 549 - 710 sqft, $1,326,000 - $1,617,000
  5 BEDROOM (GRAND): 15 units, 2,131 - 2,217 sqft, $5,162,000 - $5,776,000
  PENTHOUSE (GRAND): 5 units, 2,379 - 2,756 sqft, $5,862,000 - $7,077,000

🔄 No price changes, but Last Updated date changed (12 August 2026). Refreshing date...
  ✅ Updated index.html
  Uploading to FTP...
  ✅ FTP upload successful!
  ✅ State saved.

🎉 Grand Dunman site updated successfully!
  Telegram notify: HTTP 200

=== Grand Dunman Auto-Update ===
Time: 13/08/2026, 9:00:03 am

Fetching reference page...
⚠️  Fetch attempt 1/3 failed: The operation was aborted due to timeout. Retrying...
Available Units: 78
Total Units: 78
Last Updated: 13 August 2026
Pricing entries: 4
  1 BEDROOM (LUXURY): 2 units, 581 - 581 sqft, $1,456,000 - $1,456,000
  1 BEDROOM + STUDY (LUXURY): 56 units, 549 - 710 sqft, $1,326,000 - $1,617,000
  5 BEDROOM (GRAND): 15 units, 2,131 - 2,217 sqft, $5,162,000 - $5,776,000
  PENTHOUSE (GRAND): 5 units, 2,379 - 2,756 sqft, $5,862,000 - $7,077,000

🔄 No price changes, but Last Updated date changed (13 August 2026). Refreshing date...
  ✅ Updated index.html
  Uploading to FTP...
  ✅ FTP upload successful!
  ✅ State saved.

🎉 Grand Dunman site updated successfully!
  Telegram notify: HTTP 200

=== Grand Dunman Auto-Update ===
Time: 14/08/2026, 9:00:02 am

Fetching reference page...
Available Units: 78
Total Units: 78
Last Updated: 14 August 2026
Pricing entries: 4
  1 BEDROOM (LUXURY): 2 units, 581 - 581 sqft, $1,456,000 - $1,456,000
  1 BEDROOM + STUDY (LUXURY): 56 units, 549 - 710 sqft, $1,326,000 - $1,617,000
  5 BEDROOM (GRAND): 15 units, 2,131 - 2,217 sqft, $5,162,000 - $5,776,000
  PENTHOUSE (GRAND): 5 units, 2,379 - 2,756 sqft, $5,862,000 - $7,077,000

🔄 No price changes, but Last Updated date changed (14 August 2026). Refreshing date...
  ✅ Updated index.html
  Uploading to FTP...
  ✅ FTP upload successful!
  ✅ State saved.

🎉 Grand Dunman site updated successfully!
  Telegram notify: HTTP 200

=== Grand Dunman Auto-Update ===
Time: 15/08/2026, 9:00:01 am

Fetching reference page...
Available Units: 78
Total Units: 78
Last Updated: 15 August 2026
Pricing entries: 4
  1 BEDROOM (LUXURY): 2 units, 581 - 581 sqft, $1,456,000 - $1,456,000
  1 BEDROOM + STUDY (LUXURY): 56 units, 549 - 710 sqft, $1,326,000 - $1,617,000
  5 BEDROOM (GRAND): 15 units, 2,131 - 2,217 sqft, $5,162,000 - $5,776,000
  PENTHOUSE (GRAND): 5 units, 2,379 - 2,756 sqft, $5,862,000 - $7,077,000

🔄 No price changes, but Last Updated date changed (15 August 2026). Refreshing date...
  ✅ Updated index.html
  Uploading to FTP...
  ✅ FTP upload successful!
  ✅ State saved.

🎉 Grand Dunman site updated successfully!
  Telegram notify: HTTP 200

=== Grand Dunman Auto-Update ===
Time: 16/08/2026, 9:00:01 am

Fetching reference page...
Available Units: 78
Total Units: 78
Last Updated: 16 August 2026
Pricing entries: 4
  1 BEDROOM (LUXURY): 2 units, 581 - 581 sqft, $1,456,000 - $1,456,000
  1 BEDROOM + STUDY (LUXURY): 56 units, 549 - 710 sqft, $1,326,000 - $1,617,000
  5 BEDROOM (GRAND): 15 units, 2,131 - 2,217 sqft, $5,162,000 - $5,776,000
  PENTHOUSE (GRAND): 5 units, 2,379 - 2,756 sqft, $5,862,000 - $7,077,000

🔄 No price changes, but Last Updated date changed (16 August 2026). Refreshing date...
  ✅ Updated index.html
  Uploading to FTP...
  ✅ FTP upload successful!
  ✅ State saved.

🎉 Grand Dunman site updated successfully!
  Telegram notify: HTTP 200

=== Grand Dunman Auto-Update ===
Time: 17/08/2026, 9:00:01 am

Fetching reference page...
Available Units: 78
Total Units: 78
Last Updated: 17 August 2026
Pricing entries: 4
  1 BEDROOM (LUXURY): 2 units, 581 - 581 sqft, $1,456,000 - $1,456,000
  1 BEDROOM + STUDY (LUXURY): 56 units, 549 - 710 sqft, $1,326,000 - $1,617,000
  5 BEDROOM (GRAND): 15 units, 2,131 - 2,217 sqft, $5,162,000 - $5,776,000
  PENTHOUSE (GRAND): 5 units, 2,379 - 2,756 sqft, $5,862,000 - $7,077,000

🔄 No price changes, but Last Updated date changed (17 August 2026). Refreshing date...
  ✅ Updated index.html
  Uploading to FTP...
  ✅ FTP upload successful!
  ✅ State saved.

🎉 Grand Dunman site updated successfully!
  Telegram notify: HTTP 200

=== Grand Dunman Auto-Update ===
Time: 18/08/2026, 9:00:01 am

Fetching reference page...
Available Units: 78
Total Units: 78
Last Updated: 18 August 2026
Pricing entries: 4
  1 BEDROOM (LUXURY): 2 units, 581 - 581 sqft, $1,456,000 - $1,456,000
  1 BEDROOM + STUDY (LUXURY): 56 units, 549 - 710 sqft, $1,326,000 - $1,617,000
  5 BEDROOM (GRAND): 15 units, 2,131 - 2,217 sqft, $5,162,000 - $5,776,000
  PENTHOUSE (GRAND): 5 units, 2,379 - 2,756 sqft, $5,862,000 - $7,077,000

🔄 No price changes, but Last Updated date changed (18 August 2026). Refreshing date...
  ✅ Updated index.html
  Uploading to FTP...
  ✅ FTP upload successful!
  ✅ State saved.

🎉 Grand Dunman site updated successfully!
  Telegram notify: HTTP 200

=== Grand Dunman Auto-Update ===
Time: 19/08/2026, 9:00:01 am

Fetching reference page...
Available Units: 78
Total Units: 78
Last Updated: 19 August 2026
Pricing entries: 4
  1 BEDROOM (LUXURY): 2 units, 581 - 581 sqft, $1,456,000 - $1,456,000
  1 BEDROOM + STUDY (LUXURY): 56 units, 549 - 710 sqft, $1,326,000 - $1,617,000
  5 BEDROOM (GRAND): 15 units, 2,131 - 2,217 sqft, $5,162,000 - $5,776,000
  PENTHOUSE (GRAND): 5 units, 2,379 - 2,756 sqft, $5,862,000 - $7,077,000

🔄 No price changes, but Last Updated date changed (19 August 2026). Refreshing date...
  ✅ Updated index.html
  Uploading to FTP...
  ✅ FTP upload successful!
  ✅ State saved.

🎉 Grand Dunman site updated successfully!
  Telegram notify: HTTP 200

=== Grand Dunman Auto-Update ===
Time: 19/08/2026, 5:00:02 pm

Fetching reference page...
Available Units: 78
Total Units: 78
Last Updated: 19 August 2026
Pricing entries: 4
  1 BEDROOM (LUXURY): 2 units, 581 - 581 sqft, $1,456,000 - $1,456,000
  1 BEDROOM + STUDY (LUXURY): 53 units, 549 - 710 sqft, $1,326,000 - $1,617,000
  5 BEDROOM (GRAND): 15 units, 2,131 - 2,217 sqft, $5,162,000 - $5,776,000
  PENTHOUSE (GRAND): 5 units, 2,379 - 2,756 sqft, $5,862,000 - $7,077,000

🔄 Changes detected! Updating page...
  ✅ Updated index.html
  Uploading to FTP...
  ✅ FTP upload successful!
  ✅ State saved.

🎉 Grand Dunman site updated successfully!
  Telegram notify: HTTP 200

=== Grand Dunman Auto-Update ===
Time: 20/08/2026, 5:00:02 pm

Fetching reference page...
Available Units: 75
Total Units: 75
Last Updated: 20 August 2026
Pricing entries: 4
  1 BEDROOM (LUXURY): 2 units, 581 - 581 sqft, $1,456,000 - $1,456,000
  1 BEDROOM + STUDY (LUXURY): 53 units, 549 - 710 sqft, $1,326,000 - $1,617,000
  5 BEDROOM (GRAND): 15 units, 2,131 - 2,217 sqft, $5,282,000 - $6,096,000
  PENTHOUSE (GRAND): 5 units, 2,379 - 2,756 sqft, $5,862,000 - $7,497,000

🔄 Changes detected! Updating page...
  ✅ Updated index.html
  Uploading to FTP...
  ✅ FTP upload successful!
  ✅ State saved.

🎉 Grand Dunman site updated successfully!
  Telegram notify: HTTP 200

=== Grand Dunman Auto-Update ===
Time: 21/08/2026, 5:00:03 pm

Fetching reference page...
Available Units: 75
Total Units: 75
Last Updated: 21 August 2026
Pricing entries: 4
  1 BEDROOM (LUXURY): 2 units, 581 - 581 sqft, $1,456,000 - $1,456,000
  1 BEDROOM + STUDY (LUXURY): 53 units, 549 - 710 sqft, $1,326,000 - $1,617,000
  5 BEDROOM (GRAND): 15 units, 2,131 - 2,217 sqft, $5,282,000 - $6,096,000
  PENTHOUSE (GRAND): 5 units, 2,379 - 2,756 sqft, $5,862,000 - $7,497,000

✅ No changes detected. Prices and units are the same. No update needed.

=== Grand Dunman Auto-Update ===
Time: 22/08/2026, 5:00:02 pm

Fetching reference page...
Available Units: 75
Total Units: 75
Last Updated: 22 August 2026
Pricing entries: 4
  1 BEDROOM (LUXURY): 2 units, 581 - 581 sqft, $1,456,000 - $1,456,000
  1 BEDROOM + STUDY (LUXURY): 53 units, 549 - 710 sqft, $1,326,000 - $1,617,000
  5 BEDROOM (GRAND): 15 units, 2,131 - 2,217 sqft, $5,282,000 - $6,096,000
  PENTHOUSE (GRAND): 5 units, 2,379 - 2,756 sqft, $5,862,000 - $7,497,000

🔄 No price changes, but Last Updated date changed (22 August 2026). Refreshing date...
  ✅ Updated index.html
  Uploading to FTP...
  ✅ FTP upload successful!
  ✅ State saved.

🎉 Grand Dunman site updated successfully!
  ℹ Date-only refresh — no Telegram notification (prices/units unchanged).

=== Grand Dunman Auto-Update ===
Time: 23/08/2026, 5:00:02 pm

Fetching reference page...
Available Units: 75
Total Units: 75
Last Updated: 23 August 2026
Pricing entries: 4
  1 BEDROOM (LUXURY): 2 units, 581 - 581 sqft, $1,456,000 - $1,456,000
  1 BEDROOM + STUDY (LUXURY): 53 units, 549 - 710 sqft, $1,326,000 - $1,617,000
  5 BEDROOM (GRAND): 15 units, 2,131 - 2,217 sqft, $5,282,000 - $6,096,000
  PENTHOUSE (GRAND): 5 units, 2,379 - 2,756 sqft, $5,862,000 - $7,497,000

🔄 No price changes, but Last Updated date changed (23 August 2026). Refreshing date...
  ✅ Updated index.html
  Uploading to FTP...
  ✅ FTP upload successful!
  ✅ State saved.

🎉 Grand Dunman site updated successfully!
  ℹ Date-only refresh — no Telegram notification (prices/units unchanged).

=== Grand Dunman Auto-Update ===
Time: 24/08/2026, 5:00:02 pm

Fetching reference page...
Available Units: 75
Total Units: 75
Last Updated: 24 August 2026
Pricing entries: 4
  1 BEDROOM (LUXURY): 2 units, 581 - 581 sqft, $1,456,000 - $1,456,000
  1 BEDROOM + STUDY (LUXURY): 53 units, 549 - 710 sqft, $1,326,000 - $1,617,000
  5 BEDROOM (GRAND): 15 units, 2,131 - 2,217 sqft, $5,282,000 - $6,096,000
  PENTHOUSE (GRAND): 5 units, 2,379 - 2,756 sqft, $5,862,000 - $7,497,000

🔄 No price changes, but Last Updated date changed (24 August 2026). Refreshing date...
  ✅ Updated index.html
  Uploading to FTP...
  ✅ FTP upload successful!
  ✅ State saved.

🎉 Grand Dunman site updated successfully!
  ℹ Date-only refresh — no Telegram notification (prices/units unchanged).

=== Grand Dunman Auto-Update ===
Time: 25/08/2026, 5:00:02 pm

Fetching reference page...
Available Units: 75
Total Units: 75
Last Updated: 25 August 2026
Pricing entries: 4
  1 BEDROOM (LUXURY): 2 units, 581 - 581 sqft, $1,456,000 - $1,456,000
  1 BEDROOM + STUDY (LUXURY): 53 units, 549 - 710 sqft, $1,326,000 - $1,617,000
  5 BEDROOM (GRAND): 15 units, 2,131 - 2,217 sqft, $5,282,000 - $6,096,000
  PENTHOUSE (GRAND): 5 units, 2,379 - 2,756 sqft, $5,862,000 - $7,497,000

🔄 No price changes, but Last Updated date changed (25 August 2026). Refreshing date...
  ✅ Updated index.html
  Uploading to FTP...
  ✅ FTP upload successful!
  ✅ State saved.

🎉 Grand Dunman site updated successfully!
  ℹ Date-only refresh — no Telegram notification (prices/units unchanged).

=== Grand Dunman Auto-Update ===
Time: 26/08/2026, 5:00:02 pm

Fetching reference page...
Available Units: 75
Total Units: 75
Last Updated: 26 August 2026
Pricing entries: 4
  1 BEDROOM (LUXURY): 2 units, 581 - 581 sqft, $1,456,000 - $1,456,000
  1 BEDROOM + STUDY (LUXURY): 53 units, 549 - 710 sqft, $1,326,000 - $1,617,000
  5 BEDROOM (GRAND): 15 units, 2,131 - 2,217 sqft, $5,282,000 - $6,096,000
  PENTHOUSE (GRAND): 5 units, 2,379 - 2,756 sqft, $5,862,000 - $7,497,000

🔄 No price changes, but Last Updated date changed (26 August 2026). Refreshing date...
  ✅ Updated index.html
  Uploading to FTP...
  ✅ FTP upload successful!
  ✅ State saved.

🎉 Grand Dunman site updated successfully!
  ℹ Date-only refresh — no Telegram notification (prices/units unchanged).

=== Grand Dunman Auto-Update ===
Time: 27/08/2026, 5:00:03 pm

Fetching reference page...
Available Units: 75
Total Units: 75
Last Updated: 27 August 2026
Pricing entries: 4
  1 BEDROOM (LUXURY): 2 units, 581 - 581 sqft, $1,456,000 - $1,456,000
  1 BEDROOM + STUDY (LUXURY): 53 units, 549 - 710 sqft, $1,326,000 - $1,617,000
  5 BEDROOM (GRAND): 15 units, 2,131 - 2,217 sqft, $5,282,000 - $6,096,000
  PENTHOUSE (GRAND): 5 units, 2,379 - 2,756 sqft, $5,862,000 - $7,497,000

🔄 No price changes, but Last Updated date changed (27 August 2026). Refreshing date...
❌ Error: ENOSPC: no space left on device, write

=== Grand Dunman Auto-Update ===
Time: 28/08/2026, 5:00:02 pm

Fetching reference page...
Available Units: 75
Total Units: 75
Last Updated: 28 August 2026
Pricing entries: 4
  1 BEDROOM (LUXURY): 2 units, 581 - 581 sqft, $1,456,000 - $1,456,000
  1 BEDROOM + STUDY (LUXURY): 53 units, 549 - 710 sqft, $1,326,000 - $1,617,000
  5 BEDROOM (GRAND): 15 units, 2,131 - 2,217 sqft, $5,282,000 - $6,096,000
  PENTHOUSE (GRAND): 5 units, 2,379 - 2,756 sqft, $5,862,000 - $7,497,000

🔄 No price changes, but Last Updated date changed (28 August 2026). Refreshing date...
  ✅ Updated index.html
  Uploading to FTP...
  ✅ FTP upload successful!
❌ Error: ENOSPC: no space left on device, write

=== Grand Dunman Auto-Update ===
Time: 29/08/2026, 5:00:02 pm

Fetching reference page...
Available Units: 74
Total Units: 74
Last Updated: 29 August 2026
Pricing entries: 4
  1 BEDROOM (LUXURY): 2 units, 581 - 581 sqft, $1,456,000 - $1,456,000
  1 BEDROOM + STUDY (LUXURY): 52 units, 549 - 710 sqft, $1,326,000 - $1,617,000
  5 BEDROOM (GRAND): 15 units, 2,131 - 2,217 sqft, $5,282,000 - $6,096,000
  PENTHOUSE (GRAND): 4 units, 2,433 - 2,756 sqft, $6,248,000 - $7,497,000
❌ Error: Unexpected end of JSON input

=== Grand Dunman Auto-Update ===
Time: 30/08/2026, 5:00:02 pm

Fetching reference page...
Available Units: 73
Total Units: 73
Last Updated: 30 August 2026
Pricing entries: 4
  1 BEDROOM (LUXURY): 2 units, 581 - 581 sqft, $1,456,000 - $1,456,000
  1 BEDROOM + STUDY (LUXURY): 52 units, 549 - 710 sqft, $1,326,000 - $1,617,000
  5 BEDROOM (GRAND): 15 units, 2,131 - 2,217 sqft, $5,282,000 - $6,096,000
  PENTHOUSE (GRAND): 4 units, 2,433 - 2,756 sqft, $6,248,000 - $7,497,000
❌ Error: Unexpected end of JSON input

=== Grand Dunman Auto-Update ===
Time: 31/08/2026, 5:00:02 pm

Fetching reference page...
Available Units: 73
Total Units: 73
Last Updated: 31 August 2026
Pricing entries: 4
  1 BEDROOM (LUXURY): 2 units, 581 - 581 sqft, $1,456,000 - $1,456,000
  1 BEDROOM + STUDY (LUXURY): 52 units, 549 - 710 sqft, $1,326,000 - $1,617,000
  5 BEDROOM (GRAND): 15 units, 2,131 - 2,217 sqft, $5,282,000 - $6,096,000
  PENTHOUSE (GRAND): 4 units, 2,433 - 2,756 sqft, $6,248,000 - $7,497,000
❌ Error: Unexpected end of JSON input

=== Grand Dunman Auto-Update ===
Time: 01/09/2026, 5:00:02 pm

Fetching reference page...
Available Units: 73
Total Units: 73
Last Updated: 1 September 2026
Pricing entries: 4
  1 BEDROOM (LUXURY): 2 units, 581 - 581 sqft, $1,456,000 - $1,456,000
  1 BEDROOM + STUDY (LUXURY): 52 units, 549 - 710 sqft, $1,326,000 - $1,617,000
  5 BEDROOM (GRAND): 15 units, 2,131 - 2,217 sqft, $5,282,000 - $6,096,000
  PENTHOUSE (GRAND): 4 units, 2,433 - 2,756 sqft, $6,248,000 - $7,497,000
❌ Error: Unexpected end of JSON input

=== Grand Dunman Auto-Update ===
Time: 03/09/2026, 5:00:02 pm

Fetching reference page...
Available Units: 73
Total Units: 73
Last Updated: 3 September 2026
Pricing entries: 4
  1 BEDROOM (LUXURY): 2 units, 581 - 581 sqft, $1,456,000 - $1,456,000
  1 BEDROOM + STUDY (LUXURY): 52 units, 549 - 710 sqft, $1,326,000 - $1,617,000
  5 BEDROOM (GRAND): 15 units, 2,131 - 2,217 sqft, $5,282,000 - $6,096,000
  PENTHOUSE (GRAND): 4 units, 2,433 - 2,756 sqft, $6,248,000 - $7,497,000
❌ Error: Unexpected end of JSON input

=== Grand Dunman Auto-Update ===
Time: 04/09/2026, 5:00:02 pm

Fetching reference page...
Available Units: 73
Total Units: 73
Last Updated: 4 September 2026
Pricing entries: 4
  1 BEDROOM (LUXURY): 2 units, 581 - 581 sqft, $1,456,000 - $1,456,000
  1 BEDROOM + STUDY (LUXURY): 52 units, 549 - 710 sqft, $1,326,000 - $1,617,000
  5 BEDROOM (GRAND): 15 units, 2,131 - 2,217 sqft, $5,282,000 - $6,096,000
  PENTHOUSE (GRAND): 4 units, 2,433 - 2,756 sqft, $6,248,000 - $7,497,000
❌ Error: Unexpected end of JSON input
